../Core/Src/stm32l4xx_hal_msp.c:63:6:HAL_MspInit	16	static
../Core/Src/stm32l4xx_hal_msp.c:86:6:HAL_I2C_MspInit	208	static
../Core/Src/stm32l4xx_hal_msp.c:141:6:HAL_I2C_MspDeInit	16	static
../Core/Src/stm32l4xx_hal_msp.c:172:6:HAL_SPI_MspInit	48	static
../Core/Src/stm32l4xx_hal_msp.c:218:6:HAL_SPI_MspDeInit	16	static
../Core/Src/stm32l4xx_hal_msp.c:251:6:HAL_UART_MspInit	216	static
../Core/Src/stm32l4xx_hal_msp.c:341:6:HAL_UART_MspDeInit	16	static
../Core/Src/stm32l4xx_hal_msp.c:387:13:HAL_FMC_MspInit	32	static
../Core/Src/stm32l4xx_hal_msp.c:496:6:HAL_SRAM_MspInit	16	static
../Core/Src/stm32l4xx_hal_msp.c:508:13:HAL_FMC_MspDeInit	8	static
../Core/Src/stm32l4xx_hal_msp.c:590:6:HAL_SRAM_MspDeInit	16	static
../Core/Src/stm32l4xx_hal_msp.c:602:6:HAL_SAI_MspInit	200	static
../Core/Src/stm32l4xx_hal_msp.c:658:6:HAL_SAI_MspDeInit	16	static
